#-----------------------------------------------------------
# Webtalk v2019.2 (64-bit)
# SW Build 2708876 on Wed Nov  6 21:40:23 MST 2019
# IP Build 2700528 on Thu Nov  7 00:09:20 MST 2019
<<<<<<< HEAD
# Start of session at: Tue Sep 23 10:40:30 2025
# Process ID: 8188
# Current directory: C:/Project/FPGA_project/Chapter_3/Chapter_3.sim/sim_1/behav/xsim
# Command line: wbtcv.exe -mode batch -source C:/Project/FPGA_project/Chapter_3/Chapter_3.sim/sim_1/behav/xsim/xsim.dir/multifunction_barrel_shifter_tb_behav/webtalk/xsim_webtalk.tcl -notrace
# Log file: C:/Project/FPGA_project/Chapter_3/Chapter_3.sim/sim_1/behav/xsim/webtalk.log
# Journal file: C:/Project/FPGA_project/Chapter_3/Chapter_3.sim/sim_1/behav/xsim\webtalk.jou
#-----------------------------------------------------------
source C:/Project/FPGA_project/Chapter_3/Chapter_3.sim/sim_1/behav/xsim/xsim.dir/multifunction_barrel_shifter_tb_behav/webtalk/xsim_webtalk.tcl -notrace
INFO: [Common 17-206] Exiting Webtalk at Tue Sep 23 10:40:30 2025...
=======
# Start of session at: Mon Sep 22 09:28:28 2025
# Process ID: 7176
# Current directory: D:/FPGA_project/Chapter_3/Chapter_3.sim/sim_1/behav/xsim
# Command line: wbtcv.exe -mode batch -source D:/FPGA_project/Chapter_3/Chapter_3.sim/sim_1/behav/xsim/xsim.dir/barrel_shifter_tb_behav/webtalk/xsim_webtalk.tcl -notrace
# Log file: D:/FPGA_project/Chapter_3/Chapter_3.sim/sim_1/behav/xsim/webtalk.log
# Journal file: D:/FPGA_project/Chapter_3/Chapter_3.sim/sim_1/behav/xsim\webtalk.jou
#-----------------------------------------------------------
source D:/FPGA_project/Chapter_3/Chapter_3.sim/sim_1/behav/xsim/xsim.dir/barrel_shifter_tb_behav/webtalk/xsim_webtalk.tcl -notrace
INFO: [Common 17-206] Exiting Webtalk at Mon Sep 22 09:28:28 2025...
>>>>>>> ec0693c425aca3de38c4f220525b428dc2e94a0b
