#-----------------------------------------------------------
# Vivado v2019.2 (64-bit)
# SW Build 2708876 on Wed Nov  6 21:40:23 MST 2019
# IP Build 2700528 on Thu Nov  7 00:09:20 MST 2019
# Start of session at: Mon Sep 15 08:04:31 2025
# Process ID: 19896
# Current directory: D:/FPGA_project/Chapter_3
# Command line: vivado.exe -gui_launcher_event rodinguilauncherevent1248 D:\FPGA_project\Chapter_3\Chapter_3.xpr
# Log file: D:/FPGA_project/Chapter_3/vivado.log
# Journal file: D:/FPGA_project/Chapter_3\vivado.jou
#-----------------------------------------------------------
start_gui
open_project D:/FPGA_project/Chapter_3/Chapter_3.xpr
Scanning sources...
Finished scanning sources
INFO: [IP_Flow 19-234] Refreshing IP repositories
INFO: [IP_Flow 19-1704] No user IP repositories specified
INFO: [IP_Flow 19-2313] Loaded Vivado IP repository 'D:/Xilinx/Vivado/2019.2/data/ip'.
open_project: Time (s): cpu = 00:00:07 ; elapsed = 00:00:05 . Memory (MB): peak = 807.824 ; gain = 192.805
update_compile_order -fileset sources_1
launch_simulation
Command: launch_simulation 
INFO: [Vivado 12-5682] Launching behavioral simulation in 'D:/FPGA_project/Chapter_3/Chapter_3.sim/sim_1/behav/xsim'
INFO: [SIM-utils-51] Simulation object is 'sim_1'
INFO: [SIM-utils-54] Inspecting design source files for 'hex_to_7seg_tb' in fileset 'sim_1'...
INFO: [USF-XSim-97] Finding global include files...
INFO: [USF-XSim-98] Fetching design files from 'sim_1'...
INFO: [USF-XSim-2] XSim::Compile design
INFO: [USF-XSim-61] Executing 'COMPILE and ANALYZE' step in 'D:/FPGA_project/Chapter_3/Chapter_3.sim/sim_1/behav/xsim'
"xvlog --incr --relax -prj hex_to_7seg_tb_vlog.prj"
INFO: [VRFC 10-2263] Analyzing Verilog file "D:/FPGA_project/Chapter_3/Chapter_3.srcs/sources_1/new/hex_to_7seg.v" into library xil_defaultlib
INFO: [VRFC 10-311] analyzing module hex_to_7seg
INFO: [VRFC 10-2263] Analyzing Verilog file "D:/FPGA_project/Chapter_3/Chapter_3.srcs/sim_1/new/hex_to_7seg_tb.v" into library xil_defaultlib
INFO: [VRFC 10-311] analyzing module hex_to_7seg_tb
INFO: [VRFC 10-2263] Analyzing Verilog file "D:/FPGA_project/Chapter_3/Chapter_3.sim/sim_1/behav/xsim/glbl.v" into library xil_defaultlib
INFO: [VRFC 10-311] analyzing module glbl
INFO: [USF-XSim-69] 'compile' step finished in '1' seconds
INFO: [USF-XSim-3] XSim::Elaborate design
INFO: [USF-XSim-61] Executing 'ELABORATE' step in 'D:/FPGA_project/Chapter_3/Chapter_3.sim/sim_1/behav/xsim'
"xelab -wto eea59dce28e44ba6afc5a5757c532e4b --incr --debug typical --relax --mt 2 -L xil_defaultlib -L unisims_ver -L unimacro_ver -L secureip --snapshot hex_to_7seg_tb_behav xil_defaultlib.hex_to_7seg_tb xil_defaultlib.glbl -log elaborate.log"
Vivado Simulator 2019.2
Copyright 1986-1999, 2001-2019 Xilinx, Inc. All Rights Reserved.
Running: D:/Xilinx/Vivado/2019.2/bin/unwrapped/win64.o/xelab.exe -wto eea59dce28e44ba6afc5a5757c532e4b --incr --debug typical --relax --mt 2 -L xil_defaultlib -L unisims_ver -L unimacro_ver -L secureip --snapshot hex_to_7seg_tb_behav xil_defaultlib.hex_to_7seg_tb xil_defaultlib.glbl -log elaborate.log 
Using 2 slave threads.
Starting static elaboration
Pass Through NonSizing Optimizer
Completed static elaboration
Starting simulation data flow analysis
WARNING: [XSIM 43-4099] "D:/FPGA_project/Chapter_3/Chapter_3.srcs/sources_1/new/hex_to_7seg.v" Line 1. Module hex_to_7seg doesn't have a timescale but at least one module in design has a timescale.
Completed simulation data flow analysis
Time Resolution for simulation is 1ps
Compiling module xil_defaultlib.hex_to_7seg
Compiling module xil_defaultlib.hex_to_7seg_tb
Compiling module xil_defaultlib.glbl
Built simulation snapshot hex_to_7seg_tb_behav

****** Webtalk v2019.2 (64-bit)
  **** SW Build 2708876 on Wed Nov  6 21:40:23 MST 2019
  **** IP Build 2700528 on Thu Nov  7 00:09:20 MST 2019
    ** Copyright 1986-2019 Xilinx, Inc. All Rights Reserved.

source D:/FPGA_project/Chapter_3/Chapter_3.sim/sim_1/behav/xsim/xsim.dir/hex_to_7seg_tb_behav/webtalk/xsim_webtalk.tcl -notrace
INFO: [Common 17-206] Exiting Webtalk at Mon Sep 15 08:05:53 2025...
INFO: [USF-XSim-69] 'elaborate' step finished in '4' seconds
INFO: [USF-XSim-4] XSim::Simulate design
INFO: [USF-XSim-61] Executing 'SIMULATE' step in 'D:/FPGA_project/Chapter_3/Chapter_3.sim/sim_1/behav/xsim'
INFO: [USF-XSim-98] *** Running xsim
   with args "hex_to_7seg_tb_behav -key {Behavioral:sim_1:Functional:hex_to_7seg_tb} -tclbatch {hex_to_7seg_tb.tcl} -log {simulate.log}"
INFO: [USF-XSim-8] Loading simulator feature
Vivado Simulator 2019.2
Time resolution is 1 ps
source hex_to_7seg_tb.tcl
# set curr_wave [current_wave_config]
# if { [string length $curr_wave] == 0 } {
#   if { [llength [get_objects]] > 0} {
#     add_wave /
#     set_property needs_save false [current_wave_config]
#   } else {
#      send_msg_id Add_Wave-1 WARNING "No top level signals found. Simulator will start without a wave window. If you want to open a wave window go to 'File->New Waveform Configuration' or type 'create_wave_config' in the TCL console."
#   }
# }
# run 1000ns
$stop called at time : 160 ns : File "D:/FPGA_project/Chapter_3/Chapter_3.srcs/sim_1/new/hex_to_7seg_tb.v" Line 28
INFO: [USF-XSim-96] XSim completed. Design snapshot 'hex_to_7seg_tb_behav' loaded.
INFO: [USF-XSim-97] XSim simulation ran for 1000ns
launch_simulation: Time (s): cpu = 00:00:05 ; elapsed = 00:00:08 . Memory (MB): peak = 868.098 ; gain = 10.062
close [ open D:/FPGA_project/Chapter_3/Chapter_3.srcs/sources_1/new/sign_manitude_adder.v w ]
add_files D:/FPGA_project/Chapter_3/Chapter_3.srcs/sources_1/new/sign_manitude_adder.v
update_compile_order -fileset sources_1
set_property SOURCE_SET sources_1 [get_filesets sim_1]
close [ open D:/FPGA_project/Chapter_3/Chapter_3.srcs/sim_1/new/sign_magnitude_adder_tb.v w ]
add_files -fileset sim_1 D:/FPGA_project/Chapter_3/Chapter_3.srcs/sim_1/new/sign_magnitude_adder_tb.v
update_compile_order -fileset sim_1
close_sim
INFO: [Simtcl 6-16] Simulation closed
launch_simulation
Command: launch_simulation 
INFO: [Vivado 12-5682] Launching behavioral simulation in 'D:/FPGA_project/Chapter_3/Chapter_3.sim/sim_1/behav/xsim'
INFO: [SIM-utils-51] Simulation object is 'sim_1'
INFO: [SIM-utils-54] Inspecting design source files for 'hex_to_7seg_tb' in fileset 'sim_1'...
INFO: [USF-XSim-97] Finding global include files...
INFO: [USF-XSim-98] Fetching design files from 'sim_1'...
INFO: [USF-XSim-2] XSim::Compile design
INFO: [USF-XSim-61] Executing 'COMPILE and ANALYZE' step in 'D:/FPGA_project/Chapter_3/Chapter_3.sim/sim_1/behav/xsim'
"xvlog --incr --relax -prj hex_to_7seg_tb_vlog.prj"
INFO: [VRFC 10-2263] Analyzing Verilog file "D:/FPGA_project/Chapter_3/Chapter_3.srcs/sources_1/new/hex_to_7seg.v" into library xil_defaultlib
INFO: [VRFC 10-311] analyzing module hex_to_7seg
INFO: [VRFC 10-2263] Analyzing Verilog file "D:/FPGA_project/Chapter_3/Chapter_3.srcs/sim_1/new/hex_to_7seg_tb.v" into library xil_defaultlib
INFO: [VRFC 10-311] analyzing module hex_to_7seg_tb
INFO: [USF-XSim-69] 'compile' step finished in '1' seconds
INFO: [USF-XSim-3] XSim::Elaborate design
INFO: [USF-XSim-61] Executing 'ELABORATE' step in 'D:/FPGA_project/Chapter_3/Chapter_3.sim/sim_1/behav/xsim'
"xelab -wto eea59dce28e44ba6afc5a5757c532e4b --incr --debug typical --relax --mt 2 -L xil_defaultlib -L unisims_ver -L unimacro_ver -L secureip --snapshot hex_to_7seg_tb_behav xil_defaultlib.hex_to_7seg_tb xil_defaultlib.glbl -log elaborate.log"
Vivado Simulator 2019.2
Copyright 1986-1999, 2001-2019 Xilinx, Inc. All Rights Reserved.
Running: D:/Xilinx/Vivado/2019.2/bin/unwrapped/win64.o/xelab.exe -wto eea59dce28e44ba6afc5a5757c532e4b --incr --debug typical --relax --mt 2 -L xil_defaultlib -L unisims_ver -L unimacro_ver -L secureip --snapshot hex_to_7seg_tb_behav xil_defaultlib.hex_to_7seg_tb xil_defaultlib.glbl -log elaborate.log 
Using 2 slave threads.
Starting static elaboration
Pass Through NonSizing Optimizer
Completed static elaboration
Starting simulation data flow analysis
WARNING: [XSIM 43-4099] "D:/FPGA_project/Chapter_3/Chapter_3.srcs/sources_1/new/hex_to_7seg.v" Line 1. Module hex_to_7seg doesn't have a timescale but at least one module in design has a timescale.
Completed simulation data flow analysis
Time Resolution for simulation is 1ps
Compiling module xil_defaultlib.hex_to_7seg
Compiling module xil_defaultlib.hex_to_7seg_tb
Compiling module xil_defaultlib.glbl
Built simulation snapshot hex_to_7seg_tb_behav
INFO: [USF-XSim-69] 'elaborate' step finished in '1' seconds
INFO: [USF-XSim-4] XSim::Simulate design
INFO: [USF-XSim-61] Executing 'SIMULATE' step in 'D:/FPGA_project/Chapter_3/Chapter_3.sim/sim_1/behav/xsim'
INFO: [USF-XSim-98] *** Running xsim
   with args "hex_to_7seg_tb_behav -key {Behavioral:sim_1:Functional:hex_to_7seg_tb} -tclbatch {hex_to_7seg_tb.tcl} -log {simulate.log}"
INFO: [USF-XSim-8] Loading simulator feature
Vivado Simulator 2019.2
Time resolution is 1 ps
source hex_to_7seg_tb.tcl
# set curr_wave [current_wave_config]
# if { [string length $curr_wave] == 0 } {
#   if { [llength [get_objects]] > 0} {
#     add_wave /
#     set_property needs_save false [current_wave_config]
#   } else {
#      send_msg_id Add_Wave-1 WARNING "No top level signals found. Simulator will start without a wave window. If you want to open a wave window go to 'File->New Waveform Configuration' or type 'create_wave_config' in the TCL console."
#   }
# }
# run 1000ns
$stop called at time : 160 ns : File "D:/FPGA_project/Chapter_3/Chapter_3.srcs/sim_1/new/hex_to_7seg_tb.v" Line 28
INFO: [USF-XSim-96] XSim completed. Design snapshot 'hex_to_7seg_tb_behav' loaded.
INFO: [USF-XSim-97] XSim simulation ran for 1000ns
close_sim
INFO: [Simtcl 6-16] Simulation closed
launch_simulation
Command: launch_simulation 
INFO: [Vivado 12-5682] Launching behavioral simulation in 'D:/FPGA_project/Chapter_3/Chapter_3.sim/sim_1/behav/xsim'
INFO: [SIM-utils-51] Simulation object is 'sim_1'
INFO: [SIM-utils-54] Inspecting design source files for 'hex_to_7seg_tb' in fileset 'sim_1'...
INFO: [USF-XSim-97] Finding global include files...
INFO: [USF-XSim-98] Fetching design files from 'sim_1'...
INFO: [USF-XSim-2] XSim::Compile design
INFO: [USF-XSim-61] Executing 'COMPILE and ANALYZE' step in 'D:/FPGA_project/Chapter_3/Chapter_3.sim/sim_1/behav/xsim'
"xvlog --incr --relax -prj hex_to_7seg_tb_vlog.prj"
INFO: [VRFC 10-2263] Analyzing Verilog file "D:/FPGA_project/Chapter_3/Chapter_3.srcs/sources_1/new/hex_to_7seg.v" into library xil_defaultlib
INFO: [VRFC 10-311] analyzing module hex_to_7seg
INFO: [VRFC 10-2263] Analyzing Verilog file "D:/FPGA_project/Chapter_3/Chapter_3.srcs/sim_1/new/hex_to_7seg_tb.v" into library xil_defaultlib
INFO: [VRFC 10-311] analyzing module hex_to_7seg_tb
INFO: [USF-XSim-69] 'compile' step finished in '1' seconds
INFO: [USF-XSim-3] XSim::Elaborate design
INFO: [USF-XSim-61] Executing 'ELABORATE' step in 'D:/FPGA_project/Chapter_3/Chapter_3.sim/sim_1/behav/xsim'
"xelab -wto eea59dce28e44ba6afc5a5757c532e4b --incr --debug typical --relax --mt 2 -L xil_defaultlib -L unisims_ver -L unimacro_ver -L secureip --snapshot hex_to_7seg_tb_behav xil_defaultlib.hex_to_7seg_tb xil_defaultlib.glbl -log elaborate.log"
Vivado Simulator 2019.2
Copyright 1986-1999, 2001-2019 Xilinx, Inc. All Rights Reserved.
Running: D:/Xilinx/Vivado/2019.2/bin/unwrapped/win64.o/xelab.exe -wto eea59dce28e44ba6afc5a5757c532e4b --incr --debug typical --relax --mt 2 -L xil_defaultlib -L unisims_ver -L unimacro_ver -L secureip --snapshot hex_to_7seg_tb_behav xil_defaultlib.hex_to_7seg_tb xil_defaultlib.glbl -log elaborate.log 
Using 2 slave threads.
Starting static elaboration
Pass Through NonSizing Optimizer
Completed static elaboration
Starting simulation data flow analysis
WARNING: [XSIM 43-4099] "D:/FPGA_project/Chapter_3/Chapter_3.srcs/sources_1/new/hex_to_7seg.v" Line 1. Module hex_to_7seg doesn't have a timescale but at least one module in design has a timescale.
Completed simulation data flow analysis
Time Resolution for simulation is 1ps
Compiling module xil_defaultlib.hex_to_7seg
Compiling module xil_defaultlib.hex_to_7seg_tb
Compiling module xil_defaultlib.glbl
Built simulation snapshot hex_to_7seg_tb_behav
INFO: [USF-XSim-69] 'elaborate' step finished in '1' seconds
INFO: [USF-XSim-4] XSim::Simulate design
INFO: [USF-XSim-61] Executing 'SIMULATE' step in 'D:/FPGA_project/Chapter_3/Chapter_3.sim/sim_1/behav/xsim'
INFO: [USF-XSim-98] *** Running xsim
   with args "hex_to_7seg_tb_behav -key {Behavioral:sim_1:Functional:hex_to_7seg_tb} -tclbatch {hex_to_7seg_tb.tcl} -log {simulate.log}"
INFO: [USF-XSim-8] Loading simulator feature
Vivado Simulator 2019.2
Time resolution is 1 ps
source hex_to_7seg_tb.tcl
# set curr_wave [current_wave_config]
# if { [string length $curr_wave] == 0 } {
#   if { [llength [get_objects]] > 0} {
#     add_wave /
#     set_property needs_save false [current_wave_config]
#   } else {
#      send_msg_id Add_Wave-1 WARNING "No top level signals found. Simulator will start without a wave window. If you want to open a wave window go to 'File->New Waveform Configuration' or type 'create_wave_config' in the TCL console."
#   }
# }
# run 1000ns
$stop called at time : 160 ns : File "D:/FPGA_project/Chapter_3/Chapter_3.srcs/sim_1/new/hex_to_7seg_tb.v" Line 28
INFO: [USF-XSim-96] XSim completed. Design snapshot 'hex_to_7seg_tb_behav' loaded.
INFO: [USF-XSim-97] XSim simulation ran for 1000ns
launch_simulation: Time (s): cpu = 00:00:02 ; elapsed = 00:00:06 . Memory (MB): peak = 886.992 ; gain = 0.000
relaunch_sim
Command: launch_simulation -simset sim_1 -mode behavioral
INFO: [Vivado 12-5682] Launching behavioral simulation in 'D:/FPGA_project/Chapter_3/Chapter_3.sim/sim_1/behav/xsim'
INFO: [SIM-utils-51] Simulation object is 'sim_1'
INFO: [SIM-utils-54] Inspecting design source files for 'hex_to_7seg_tb' in fileset 'sim_1'...
INFO: [USF-XSim-97] Finding global include files...
INFO: [USF-XSim-98] Fetching design files from 'sim_1'...
INFO: [USF-XSim-2] XSim::Compile design
INFO: [USF-XSim-61] Executing 'COMPILE and ANALYZE' step in 'D:/FPGA_project/Chapter_3/Chapter_3.sim/sim_1/behav/xsim'
"xvlog --incr --relax -prj hex_to_7seg_tb_vlog.prj"
INFO: [USF-XSim-69] 'compile' step finished in '1' seconds
Command: launch_simulation -simset sim_1 -mode behavioral
INFO: [Vivado 12-5682] Launching behavioral simulation in 'D:/FPGA_project/Chapter_3/Chapter_3.sim/sim_1/behav/xsim'
INFO: [USF-XSim-3] XSim::Elaborate design
INFO: [USF-XSim-61] Executing 'ELABORATE' step in 'D:/FPGA_project/Chapter_3/Chapter_3.sim/sim_1/behav/xsim'
"xelab -wto eea59dce28e44ba6afc5a5757c532e4b --incr --debug typical --relax --mt 2 -L xil_defaultlib -L unisims_ver -L unimacro_ver -L secureip --snapshot hex_to_7seg_tb_behav xil_defaultlib.hex_to_7seg_tb xil_defaultlib.glbl -log elaborate.log"
Vivado Simulator 2019.2
Copyright 1986-1999, 2001-2019 Xilinx, Inc. All Rights Reserved.
Running: D:/Xilinx/Vivado/2019.2/bin/unwrapped/win64.o/xelab.exe -wto eea59dce28e44ba6afc5a5757c532e4b --incr --debug typical --relax --mt 2 -L xil_defaultlib -L unisims_ver -L unimacro_ver -L secureip --snapshot hex_to_7seg_tb_behav xil_defaultlib.hex_to_7seg_tb xil_defaultlib.glbl -log elaborate.log 
Using 2 slave threads.
Starting static elaboration
Pass Through NonSizing Optimizer
Completed static elaboration
INFO: [XSIM 43-4323] No Change in HDL. Linking previously generated obj files to create kernel
INFO: [USF-XSim-69] 'elaborate' step finished in '1' seconds
Vivado Simulator 2019.2
INFO: [Common 17-41] Interrupt caught. Command should exit soon.
Time resolution is 1 ps
INFO: [Common 17-344] 'relaunch_xsim_kernel' was cancelled
INFO: [Common 17-344] 'relaunch_sim' was cancelled
close_sim
INFO: [Simtcl 6-16] Simulation closed
set_property top sign_manitude_adder [current_fileset]
set_property top sign_manitude_adder [get_filesets sim_1]
set_property top_lib xil_defaultlib [get_filesets sim_1]
update_compile_order -fileset sources_1
update_compile_order -fileset sim_1
set_property top sign_magnitude_adder_tb [get_filesets sim_1]
set_property top_lib xil_defaultlib [get_filesets sim_1]
update_compile_order -fileset sim_1
launch_simulation
Command: launch_simulation 
INFO: [Vivado 12-5682] Launching behavioral simulation in 'D:/FPGA_project/Chapter_3/Chapter_3.sim/sim_1/behav/xsim'
INFO: [SIM-utils-51] Simulation object is 'sim_1'
INFO: [SIM-utils-54] Inspecting design source files for 'sign_magnitude_adder_tb' in fileset 'sim_1'...
INFO: [USF-XSim-97] Finding global include files...
INFO: [USF-XSim-98] Fetching design files from 'sim_1'...
INFO: [USF-XSim-2] XSim::Compile design
INFO: [USF-XSim-61] Executing 'COMPILE and ANALYZE' step in 'D:/FPGA_project/Chapter_3/Chapter_3.sim/sim_1/behav/xsim'
"xvlog --incr --relax -prj sign_magnitude_adder_tb_vlog.prj"
INFO: [VRFC 10-2263] Analyzing Verilog file "D:/FPGA_project/Chapter_3/Chapter_3.srcs/sim_1/new/sign_magnitude_adder_tb.v" into library xil_defaultlib
INFO: [VRFC 10-311] analyzing module sign_magnitude_adder_tb
INFO: [USF-XSim-69] 'compile' step finished in '2' seconds
INFO: [USF-XSim-3] XSim::Elaborate design
INFO: [USF-XSim-61] Executing 'ELABORATE' step in 'D:/FPGA_project/Chapter_3/Chapter_3.sim/sim_1/behav/xsim'
"xelab -wto eea59dce28e44ba6afc5a5757c532e4b --incr --debug typical --relax --mt 2 -L xil_defaultlib -L unisims_ver -L unimacro_ver -L secureip --snapshot sign_magnitude_adder_tb_behav xil_defaultlib.sign_magnitude_adder_tb xil_defaultlib.glbl -log elaborate.log"
Vivado Simulator 2019.2
Copyright 1986-1999, 2001-2019 Xilinx, Inc. All Rights Reserved.
Running: D:/Xilinx/Vivado/2019.2/bin/unwrapped/win64.o/xelab.exe -wto eea59dce28e44ba6afc5a5757c532e4b --incr --debug typical --relax --mt 2 -L xil_defaultlib -L unisims_ver -L unimacro_ver -L secureip --snapshot sign_magnitude_adder_tb_behav xil_defaultlib.sign_magnitude_adder_tb xil_defaultlib.glbl -log elaborate.log 
Using 2 slave threads.
Starting static elaboration
Pass Through NonSizing Optimizer
ERROR: [VRFC 10-2063] Module <sign_magnitude_adder> not found while processing module instance <uut> [D:/FPGA_project/Chapter_3/Chapter_3.srcs/sim_1/new/sign_magnitude_adder_tb.v:10]
ERROR: [XSIM 43-3322] Static elaboration of top level Verilog design unit(s) in library work failed.
INFO: [USF-XSim-69] 'elaborate' step finished in '1' seconds
INFO: [USF-XSim-99] Step results log file:'D:/FPGA_project/Chapter_3/Chapter_3.sim/sim_1/behav/xsim/elaborate.log'
ERROR: [USF-XSim-62] 'elaborate' step failed with error(s). Please check the Tcl console output or 'D:/FPGA_project/Chapter_3/Chapter_3.sim/sim_1/behav/xsim/elaborate.log' file for more information.
ERROR: [Vivado 12-4473] Detected error while running simulation. Please correct the issue and retry this operation.
ERROR: [Common 17-39] 'launch_simulation' failed due to earlier errors.
reset_simulation -simset sim_1 -mode behavioral
INFO: [Vivado 12-2266] Removing simulation data...
INFO: [Vivado 12-2267] Reset complete
launch_simulation
Command: launch_simulation 
INFO: [Vivado 12-5682] Launching behavioral simulation in 'D:/FPGA_project/Chapter_3/Chapter_3.sim/sim_1/behav/xsim'
INFO: [SIM-utils-51] Simulation object is 'sim_1'
INFO: [SIM-utils-54] Inspecting design source files for 'sign_magnitude_adder_tb' in fileset 'sim_1'...
INFO: [USF-XSim-97] Finding global include files...
INFO: [USF-XSim-98] Fetching design files from 'sim_1'...
INFO: [USF-XSim-2] XSim::Compile design
INFO: [USF-XSim-61] Executing 'COMPILE and ANALYZE' step in 'D:/FPGA_project/Chapter_3/Chapter_3.sim/sim_1/behav/xsim'
"xvlog --incr --relax -prj sign_magnitude_adder_tb_vlog.prj"
INFO: [VRFC 10-2263] Analyzing Verilog file "D:/FPGA_project/Chapter_3/Chapter_3.srcs/sim_1/new/sign_magnitude_adder_tb.v" into library xil_defaultlib
INFO: [VRFC 10-311] analyzing module sign_magnitude_adder_tb
INFO: [VRFC 10-2263] Analyzing Verilog file "D:/FPGA_project/Chapter_3/Chapter_3.sim/sim_1/behav/xsim/glbl.v" into library xil_defaultlib
INFO: [VRFC 10-311] analyzing module glbl
INFO: [USF-XSim-69] 'compile' step finished in '1' seconds
INFO: [USF-XSim-3] XSim::Elaborate design
INFO: [USF-XSim-61] Executing 'ELABORATE' step in 'D:/FPGA_project/Chapter_3/Chapter_3.sim/sim_1/behav/xsim'
"xelab -wto eea59dce28e44ba6afc5a5757c532e4b --incr --debug typical --relax --mt 2 -L xil_defaultlib -L unisims_ver -L unimacro_ver -L secureip --snapshot sign_magnitude_adder_tb_behav xil_defaultlib.sign_magnitude_adder_tb xil_defaultlib.glbl -log elaborate.log"
Vivado Simulator 2019.2
Copyright 1986-1999, 2001-2019 Xilinx, Inc. All Rights Reserved.
Running: D:/Xilinx/Vivado/2019.2/bin/unwrapped/win64.o/xelab.exe -wto eea59dce28e44ba6afc5a5757c532e4b --incr --debug typical --relax --mt 2 -L xil_defaultlib -L unisims_ver -L unimacro_ver -L secureip --snapshot sign_magnitude_adder_tb_behav xil_defaultlib.sign_magnitude_adder_tb xil_defaultlib.glbl -log elaborate.log 
Using 2 slave threads.
Starting static elaboration
Pass Through NonSizing Optimizer
ERROR: [VRFC 10-2063] Module <sign_magnitude_adder> not found while processing module instance <uut> [D:/FPGA_project/Chapter_3/Chapter_3.srcs/sim_1/new/sign_magnitude_adder_tb.v:10]
ERROR: [XSIM 43-3322] Static elaboration of top level Verilog design unit(s) in library work failed.
INFO: [USF-XSim-69] 'elaborate' step finished in '1' seconds
INFO: [USF-XSim-99] Step results log file:'D:/FPGA_project/Chapter_3/Chapter_3.sim/sim_1/behav/xsim/elaborate.log'
ERROR: [USF-XSim-62] 'elaborate' step failed with error(s). Please check the Tcl console output or 'D:/FPGA_project/Chapter_3/Chapter_3.sim/sim_1/behav/xsim/elaborate.log' file for more information.
ERROR: [Vivado 12-4473] Detected error while running simulation. Please correct the issue and retry this operation.
ERROR: [Common 17-39] 'launch_simulation' failed due to earlier errors.
launch_simulation
Command: launch_simulation 
INFO: [Vivado 12-5682] Launching behavioral simulation in 'D:/FPGA_project/Chapter_3/Chapter_3.sim/sim_1/behav/xsim'
INFO: [SIM-utils-51] Simulation object is 'sim_1'
INFO: [SIM-utils-54] Inspecting design source files for 'sign_magnitude_adder_tb' in fileset 'sim_1'...
INFO: [USF-XSim-97] Finding global include files...
INFO: [USF-XSim-98] Fetching design files from 'sim_1'...
INFO: [USF-XSim-2] XSim::Compile design
INFO: [USF-XSim-61] Executing 'COMPILE and ANALYZE' step in 'D:/FPGA_project/Chapter_3/Chapter_3.sim/sim_1/behav/xsim'
"xvlog --incr --relax -prj sign_magnitude_adder_tb_vlog.prj"
INFO: [VRFC 10-2263] Analyzing Verilog file "D:/FPGA_project/Chapter_3/Chapter_3.srcs/sim_1/new/sign_magnitude_adder_tb.v" into library xil_defaultlib
INFO: [VRFC 10-311] analyzing module sign_magnitude_adder_tb
INFO: [USF-XSim-69] 'compile' step finished in '1' seconds
INFO: [USF-XSim-3] XSim::Elaborate design
INFO: [USF-XSim-61] Executing 'ELABORATE' step in 'D:/FPGA_project/Chapter_3/Chapter_3.sim/sim_1/behav/xsim'
"xelab -wto eea59dce28e44ba6afc5a5757c532e4b --incr --debug typical --relax --mt 2 -L xil_defaultlib -L unisims_ver -L unimacro_ver -L secureip --snapshot sign_magnitude_adder_tb_behav xil_defaultlib.sign_magnitude_adder_tb xil_defaultlib.glbl -log elaborate.log"
Vivado Simulator 2019.2
Copyright 1986-1999, 2001-2019 Xilinx, Inc. All Rights Reserved.
Running: D:/Xilinx/Vivado/2019.2/bin/unwrapped/win64.o/xelab.exe -wto eea59dce28e44ba6afc5a5757c532e4b --incr --debug typical --relax --mt 2 -L xil_defaultlib -L unisims_ver -L unimacro_ver -L secureip --snapshot sign_magnitude_adder_tb_behav xil_defaultlib.sign_magnitude_adder_tb xil_defaultlib.glbl -log elaborate.log 
Using 2 slave threads.
Starting static elaboration
Pass Through NonSizing Optimizer
ERROR: [VRFC 10-2063] Module <sign_magnitude_adder> not found while processing module instance <uut> [D:/FPGA_project/Chapter_3/Chapter_3.srcs/sim_1/new/sign_magnitude_adder_tb.v:9]
ERROR: [XSIM 43-3322] Static elaboration of top level Verilog design unit(s) in library work failed.
INFO: [USF-XSim-69] 'elaborate' step finished in '1' seconds
INFO: [USF-XSim-99] Step results log file:'D:/FPGA_project/Chapter_3/Chapter_3.sim/sim_1/behav/xsim/elaborate.log'
ERROR: [USF-XSim-62] 'elaborate' step failed with error(s). Please check the Tcl console output or 'D:/FPGA_project/Chapter_3/Chapter_3.sim/sim_1/behav/xsim/elaborate.log' file for more information.
ERROR: [Vivado 12-4473] Detected error while running simulation. Please correct the issue and retry this operation.
ERROR: [Common 17-39] 'launch_simulation' failed due to earlier errors.
launch_simulation
Command: launch_simulation 
INFO: [Vivado 12-5682] Launching behavioral simulation in 'D:/FPGA_project/Chapter_3/Chapter_3.sim/sim_1/behav/xsim'
INFO: [SIM-utils-51] Simulation object is 'sim_1'
INFO: [SIM-utils-54] Inspecting design source files for 'sign_magnitude_adder_tb' in fileset 'sim_1'...
INFO: [USF-XSim-97] Finding global include files...
INFO: [USF-XSim-98] Fetching design files from 'sim_1'...
INFO: [USF-XSim-2] XSim::Compile design
INFO: [USF-XSim-61] Executing 'COMPILE and ANALYZE' step in 'D:/FPGA_project/Chapter_3/Chapter_3.sim/sim_1/behav/xsim'
"xvlog --incr --relax -prj sign_magnitude_adder_tb_vlog.prj"
INFO: [VRFC 10-2263] Analyzing Verilog file "D:/FPGA_project/Chapter_3/Chapter_3.srcs/sources_1/new/sign_manitude_adder.v" into library xil_defaultlib
INFO: [VRFC 10-311] analyzing module sign_manitude_adder
INFO: [VRFC 10-2263] Analyzing Verilog file "D:/FPGA_project/Chapter_3/Chapter_3.srcs/sim_1/new/sign_magnitude_adder_tb.v" into library xil_defaultlib
INFO: [VRFC 10-311] analyzing module sign_magnitude_adder_tb
INFO: [USF-XSim-69] 'compile' step finished in '1' seconds
INFO: [USF-XSim-3] XSim::Elaborate design
INFO: [USF-XSim-61] Executing 'ELABORATE' step in 'D:/FPGA_project/Chapter_3/Chapter_3.sim/sim_1/behav/xsim'
"xelab -wto eea59dce28e44ba6afc5a5757c532e4b --incr --debug typical --relax --mt 2 -L xil_defaultlib -L unisims_ver -L unimacro_ver -L secureip --snapshot sign_magnitude_adder_tb_behav xil_defaultlib.sign_magnitude_adder_tb xil_defaultlib.glbl -log elaborate.log"
Vivado Simulator 2019.2
Copyright 1986-1999, 2001-2019 Xilinx, Inc. All Rights Reserved.
Running: D:/Xilinx/Vivado/2019.2/bin/unwrapped/win64.o/xelab.exe -wto eea59dce28e44ba6afc5a5757c532e4b --incr --debug typical --relax --mt 2 -L xil_defaultlib -L unisims_ver -L unimacro_ver -L secureip --snapshot sign_magnitude_adder_tb_behav xil_defaultlib.sign_magnitude_adder_tb xil_defaultlib.glbl -log elaborate.log 
Using 2 slave threads.
Starting static elaboration
Pass Through NonSizing Optimizer
Completed static elaboration
Starting simulation data flow analysis
WARNING: [XSIM 43-4099] "D:/FPGA_project/Chapter_3/Chapter_3.srcs/sources_1/new/sign_manitude_adder.v" Line 1. Module sign_manitude_adder doesn't have a timescale but at least one module in design has a timescale.
Completed simulation data flow analysis
Time Resolution for simulation is 1ps
Compiling module xil_defaultlib.sign_manitude_adder
Compiling module xil_defaultlib.sign_magnitude_adder_tb
Compiling module xil_defaultlib.glbl
Built simulation snapshot sign_magnitude_adder_tb_behav

****** Webtalk v2019.2 (64-bit)
  **** SW Build 2708876 on Wed Nov  6 21:40:23 MST 2019
  **** IP Build 2700528 on Thu Nov  7 00:09:20 MST 2019
    ** Copyright 1986-2019 Xilinx, Inc. All Rights Reserved.

source D:/FPGA_project/Chapter_3/Chapter_3.sim/sim_1/behav/xsim/xsim.dir/sign_magnitude_adder_tb_behav/webtalk/xsim_webtalk.tcl -notrace
INFO: [Common 17-206] Exiting Webtalk at Mon Sep 15 09:07:17 2025...
INFO: [USF-XSim-69] 'elaborate' step finished in '2' seconds
INFO: [USF-XSim-4] XSim::Simulate design
INFO: [USF-XSim-61] Executing 'SIMULATE' step in 'D:/FPGA_project/Chapter_3/Chapter_3.sim/sim_1/behav/xsim'
INFO: [USF-XSim-98] *** Running xsim
   with args "sign_magnitude_adder_tb_behav -key {Behavioral:sim_1:Functional:sign_magnitude_adder_tb} -tclbatch {sign_magnitude_adder_tb.tcl} -log {simulate.log}"
INFO: [USF-XSim-8] Loading simulator feature
Vivado Simulator 2019.2
Time resolution is 1 ps
source sign_magnitude_adder_tb.tcl
# set curr_wave [current_wave_config]
# if { [string length $curr_wave] == 0 } {
#   if { [llength [get_objects]] > 0} {
#     add_wave /
#     set_property needs_save false [current_wave_config]
#   } else {
#      send_msg_id Add_Wave-1 WARNING "No top level signals found. Simulator will start without a wave window. If you want to open a wave window go to 'File->New Waveform Configuration' or type 'create_wave_config' in the TCL console."
#   }
# }
# run 1000ns
$stop called at time : 30 ns : File "D:/FPGA_project/Chapter_3/Chapter_3.srcs/sim_1/new/sign_magnitude_adder_tb.v" Line 19
INFO: [USF-XSim-96] XSim completed. Design snapshot 'sign_magnitude_adder_tb_behav' loaded.
INFO: [USF-XSim-97] XSim simulation ran for 1000ns
close_sim
INFO: [Simtcl 6-16] Simulation closed
exit
INFO: [Common 17-206] Exiting Vivado at Mon Sep 15 09:08:43 2025...
