#-----------------------------------------------------------
# Vivado v2019.2 (64-bit)
# SW Build 2708876 on Wed Nov  6 21:40:23 MST 2019
# IP Build 2700528 on Thu Nov  7 00:09:20 MST 2019
# Start of session at: Tue Sep 23 21:07:39 2025
# Process ID: 2772
# Current directory: D:/FPGA_project/Chapter_3
# Command line: vivado.exe -gui_launcher_event rodinguilauncherevent5144 D:\FPGA_project\Chapter_3\Chapter_3.xpr
# Log file: D:/FPGA_project/Chapter_3/vivado.log
# Journal file: D:/FPGA_project/Chapter_3\vivado.jou
#-----------------------------------------------------------
start_gui
open_project D:/FPGA_project/Chapter_3/Chapter_3.xpr
Scanning sources...
Finished scanning sources
INFO: [IP_Flow 19-234] Refreshing IP repositories
INFO: [IP_Flow 19-1704] No user IP repositories specified
INFO: [IP_Flow 19-2313] Loaded Vivado IP repository 'D:/Xilinx/Vivado/2019.2/data/ip'.
open_project: Time (s): cpu = 00:00:08 ; elapsed = 00:00:06 . Memory (MB): peak = 867.895 ; gain = 220.766
update_compile_order -fileset sources_1
add_files -norecurse D:/FPGA_project/Chapter_3/Chapter_3.srcs/sources_1/new/multifunction_barrel_shifter.v
update_compile_order -fileset sources_1
set_property SOURCE_SET sources_1 [get_filesets sim_1]
add_files -fileset sim_1 -norecurse D:/FPGA_project/Chapter_3/Chapter_3.srcs/sim_1/new/multifunction_barrel_shifter_tb.v
update_compile_order -fileset sim_1
set_property top multifunction_barrel_shifter [current_fileset]
set_property top multifunction_barrel_shifter_tb [get_filesets sim_1]
set_property top_lib xil_defaultlib [get_filesets sim_1]
update_compile_order -fileset sources_1
update_compile_order -fileset sim_1
launch_simulation
Command: launch_simulation 
INFO: [Vivado 12-5682] Launching behavioral simulation in 'D:/FPGA_project/Chapter_3/Chapter_3.sim/sim_1/behav/xsim'
INFO: [SIM-utils-51] Simulation object is 'sim_1'
INFO: [SIM-utils-54] Inspecting design source files for 'multifunction_barrel_shifter_tb' in fileset 'sim_1'...
INFO: [USF-XSim-97] Finding global include files...
INFO: [USF-XSim-98] Fetching design files from 'sim_1'...
INFO: [USF-XSim-2] XSim::Compile design
INFO: [USF-XSim-61] Executing 'COMPILE and ANALYZE' step in 'D:/FPGA_project/Chapter_3/Chapter_3.sim/sim_1/behav/xsim'
"xvlog --incr --relax -prj multifunction_barrel_shifter_tb_vlog.prj"
INFO: [VRFC 10-2263] Analyzing Verilog file "D:/FPGA_project/Chapter_3/Chapter_3.srcs/sources_1/new/multifunction_barrel_shifter.v" into library xil_defaultlib
INFO: [VRFC 10-311] analyzing module barrel_shift_right
INFO: [VRFC 10-311] analyzing module reverse
INFO: [VRFC 10-311] analyzing module barrel_shift_left
INFO: [VRFC 10-311] analyzing module multifunction_barrel_shifter
INFO: [VRFC 10-2263] Analyzing Verilog file "D:/FPGA_project/Chapter_3/Chapter_3.srcs/sim_1/new/multifunction_barrel_shifter_tb.v" into library xil_defaultlib
INFO: [VRFC 10-311] analyzing module multifunction_barrel_shifter_tb
INFO: [USF-XSim-69] 'compile' step finished in '1' seconds
INFO: [USF-XSim-3] XSim::Elaborate design
INFO: [USF-XSim-61] Executing 'ELABORATE' step in 'D:/FPGA_project/Chapter_3/Chapter_3.sim/sim_1/behav/xsim'
"xelab -wto eea59dce28e44ba6afc5a5757c532e4b --incr --debug typical --relax --mt 2 -L xil_defaultlib -L unisims_ver -L unimacro_ver -L secureip --snapshot multifunction_barrel_shifter_tb_behav xil_defaultlib.multifunction_barrel_shifter_tb xil_defaultlib.glbl -log elaborate.log"
Vivado Simulator 2019.2
Copyright 1986-1999, 2001-2019 Xilinx, Inc. All Rights Reserved.
Running: D:/Xilinx/Vivado/2019.2/bin/unwrapped/win64.o/xelab.exe -wto eea59dce28e44ba6afc5a5757c532e4b --incr --debug typical --relax --mt 2 -L xil_defaultlib -L unisims_ver -L unimacro_ver -L secureip --snapshot multifunction_barrel_shifter_tb_behav xil_defaultlib.multifunction_barrel_shifter_tb xil_defaultlib.glbl -log elaborate.log 
Using 2 slave threads.
Starting static elaboration
Pass Through NonSizing Optimizer
WARNING: [VRFC 10-5021] port 'en' is not connected on this instance [D:/FPGA_project/Chapter_3/Chapter_3.srcs/sources_1/new/multifunction_barrel_shifter.v:58]
Completed static elaboration
Starting simulation data flow analysis
WARNING: [XSIM 43-4099] "D:/FPGA_project/Chapter_3/Chapter_3.srcs/sources_1/new/multifunction_barrel_shifter.v" Line 50. Module multifunction_barrel_shifter doesn't have a timescale but at least one module in design has a timescale.
WARNING: [XSIM 43-4099] "D:/FPGA_project/Chapter_3/Chapter_3.srcs/sources_1/new/multifunction_barrel_shifter.v" Line 20. Module reverse doesn't have a timescale but at least one module in design has a timescale.
WARNING: [XSIM 43-4099] "D:/FPGA_project/Chapter_3/Chapter_3.srcs/sources_1/new/multifunction_barrel_shifter.v" Line 30. Module barrel_shift_left doesn't have a timescale but at least one module in design has a timescale.
WARNING: [XSIM 43-4099] "D:/FPGA_project/Chapter_3/Chapter_3.srcs/sources_1/new/multifunction_barrel_shifter.v" Line 1. Module barrel_shift_right doesn't have a timescale but at least one module in design has a timescale.
Completed simulation data flow analysis
Time Resolution for simulation is 1ps
Compiling module xil_defaultlib.reverse
Compiling module xil_defaultlib.barrel_shift_left
Compiling module xil_defaultlib.barrel_shift_right
Compiling module xil_defaultlib.multifunction_barrel_shifter
Compiling module xil_defaultlib.multifunction_barrel_shifter_tb
Compiling module xil_defaultlib.glbl
Built simulation snapshot multifunction_barrel_shifter_tb_behav
INFO: [USF-XSim-69] 'elaborate' step finished in '3' seconds
INFO: [USF-XSim-4] XSim::Simulate design
INFO: [USF-XSim-61] Executing 'SIMULATE' step in 'D:/FPGA_project/Chapter_3/Chapter_3.sim/sim_1/behav/xsim'
INFO: [USF-XSim-98] *** Running xsim
   with args "multifunction_barrel_shifter_tb_behav -key {Behavioral:sim_1:Functional:multifunction_barrel_shifter_tb} -tclbatch {multifunction_barrel_shifter_tb.tcl} -log {simulate.log}"
INFO: [USF-XSim-8] Loading simulator feature
Vivado Simulator 2019.2
Time resolution is 1 ps
source multifunction_barrel_shifter_tb.tcl
# set curr_wave [current_wave_config]
# if { [string length $curr_wave] == 0 } {
#   if { [llength [get_objects]] > 0} {
#     add_wave /
#     set_property needs_save false [current_wave_config]
#   } else {
#      send_msg_id Add_Wave-1 WARNING "No top level signals found. Simulator will start without a wave window. If you want to open a wave window go to 'File->New Waveform Configuration' or type 'create_wave_config' in the TCL console."
#   }
# }
# run 1000ns
$stop called at time : 170 ns : File "D:/FPGA_project/Chapter_3/Chapter_3.srcs/sim_1/new/multifunction_barrel_shifter_tb.v" Line 38
INFO: [USF-XSim-96] XSim completed. Design snapshot 'multifunction_barrel_shifter_tb_behav' loaded.
INFO: [USF-XSim-97] XSim simulation ran for 1000ns
launch_simulation: Time (s): cpu = 00:00:05 ; elapsed = 00:00:07 . Memory (MB): peak = 922.414 ; gain = 44.293
